
C:\Windows\system32>reg /?

REG Operation [Parameter List]

  Operation  [ QUERY   | ADD    | DELETE  | COPY    |
               SAVE    | LOAD   | UNLOAD  | RESTORE |
               COMPARE | EXPORT | IMPORT  | FLAGS ]

Return Code: (Except for REG COMPARE)

  0 - Successful
  1 - Failed

For help on a specific operation type:

  REG Operation /?

Examples:

  REG QUERY /?
  REG ADD /?
  REG DELETE /?
  REG COPY /?
  REG SAVE /?
  REG RESTORE /?
  REG LOAD /?
  REG UNLOAD /?
  REG COMPARE /?
  REG EXPORT /?
  REG IMPORT /?
  REG FLAGS /?

C:\Windows\system32>reg query /?

REG QUERY KeyName [/v [ValueName] | /ve] [/s]
          [/f Data [/k] [/d] [/c] [/e]] [/t Type] [/z] [/se Separator]
          [/reg:32 | /reg:64]

  KeyName  [\\Machine\]FullKey
           Machine - Name of remote machine, omitting defaults to the
                     current machine. Only HKLM and HKU are available on
                     remote machines
           FullKey - in the form of ROOTKEY\SubKey name
                ROOTKEY - [ HKLM | HKCU | HKCR | HKU | HKCC ]
                SubKey  - The full name of a registry key under the
                          selected ROOTKEY

  /v       Queries for a specific registry key values.
           If omitted, all values for the key are queried.

           Argument to this switch can be optional only when specified
           along with /f switch. This specifies to search in valuenames only.

  /ve      Queries for the default value or empty value name (Default).

  /s       Queries all subkeys and values recursively (like dir /s).

  /se      Specifies the separator (length of 1 character only) in
           data string for REG_MULTI_SZ. Defaults to "\0" as the separator.

  /f       Specifies the data or pattern to search for.
           Use double quotes if a string contains spaces. Default is "*".

  /k       Specifies to search in key names only.

  /d       Specifies the search in data only.

  /c       Specifies that the search is case sensitive.
           The default search is case insensitive.

  /e       Specifies to return only exact matches.
           By default all the matches are returned.

  /t       Specifies registry value data type.
           Valid types are:
             REG_SZ, REG_MULTI_SZ, REG_EXPAND_SZ,
             REG_DWORD, REG_QWORD, REG_BINARY, REG_NONE
           Defaults to all types.

  /z       Verbose: Shows the numeric equivalent for the type of the valuename.

  /reg:32  Specifies the key should be accessed using the 32-bit registry view.

  /reg:64  Specifies the key should be accessed using the 64-bit registry view.

Examples:

  REG QUERY HKLM\Software\Microsoft\ResKit /v Version
    Displays the value of the registry value Version

  REG QUERY \\ABC\HKLM\Software\Microsoft\ResKit\Nt\Setup /s
    Displays all subkeys and values under the registry key Setup
    on remote machine ABC

  REG QUERY HKLM\Software\Microsoft\ResKit\Nt\Setup /se #
    Displays all the subkeys and values with "#" as the seperator
    for all valuenames whose type is REG_MULTI_SZ.

  REG QUERY HKLM /f SYSTEM /t REG_SZ /c /e
    Displays Key, Value and Data with case sensitive and exact
    occurrences of "SYSTEM" under HKLM root for the data type REG_SZ

  REG QUERY HKCU /f 0F /d /t REG_BINARY
    Displays Key, Value and Data for the occurrences of "0F" in data
    under HKCU root for the data type REG_BINARY

  REG QUERY HKLM\SOFTWARE /ve
    Displays Value and Data for the empty value (Default)
    under HKLM\SOFTWARE

C:\Windows\system32>reg add /?

REG ADD KeyName [/v ValueName | /ve] [/t Type] [/s Separator] [/d Data] [/f]
        [/reg:32 | /reg:64]

  KeyName  [\\Machine\]FullKey
           Machine  Name of remote machine - omitting defaults to the
                    current machine. Only HKLM and HKU are available on remote
                    machines.
           FullKey  ROOTKEY\SubKey
           ROOTKEY  [ HKLM | HKCU | HKCR | HKU | HKCC ]
           SubKey   The full name of a registry key under the selected ROOTKEY.

  /v       The value name, under the selected Key, to add.

  /ve      adds an empty value name (Default) for the key.

  /t       RegKey data types
           [ REG_SZ    | REG_MULTI_SZ | REG_EXPAND_SZ |
             REG_DWORD | REG_QWORD    | REG_BINARY    | REG_NONE ]
           If omitted, REG_SZ is assumed.

  /s       Specify one character that you use as the separator in your data
           string for REG_MULTI_SZ. If omitted, use "\0" as the separator.

  /d       The data to assign to the registry ValueName being added.

  /f       Force overwriting the existing registry entry without prompt.

  /reg:32  Specifies the key should be accessed using the 32-bit registry view.

  /reg:64  Specifies the key should be accessed using the 64-bit registry view.

Examples:

  REG ADD \\ABC\HKLM\Software\MyCo
    Adds a key HKLM\Software\MyCo on remote machine ABC

  REG ADD HKLM\Software\MyCo /v Data /t REG_BINARY /d fe340ead
    Adds a value (name: Data, type: REG_BINARY, data: fe340ead)

  REG ADD HKLM\Software\MyCo /v MRU /t REG_MULTI_SZ /d fax\0mail
    Adds a value (name: MRU, type: REG_MULTI_SZ, data: fax\0mail\0\0)

  REG ADD HKLM\Software\MyCo /v Path /t REG_EXPAND_SZ /d ^%systemroot^%
    Adds a value (name: Path, type: REG_EXPAND_SZ, data: %systemroot%)
    Notice:  Use the caret symbol ( ^ ) inside the expand string

C:\Windows\system32>reg import /?

REG IMPORT FileName [/reg:32 | /reg:64]

  FileName  The name of the disk file to import (local machine only).

  /reg:32  Specifies the key should be accessed using the 32-bit registry view.

  /reg:64  Specifies the key should be accessed using the 64-bit registry view.

Examples:

  REG IMPORT AppBkUp.reg
    Imports registry entries from the file AppBkUp.reg


C:\Windows\system32>reg query HKLM\SYSTEM\CurrentControlSet\Services\Spooler

HKEY_LOCAL_MACHINE\SYSTEM\CurrentControlSet\Services\Spooler
    DependOnService    REG_MULTI_SZ    RPCSS\0http
    Description    REG_SZ    @%systemroot%\system32\spoolsv.exe,-2
    DisplayName    REG_SZ    @%systemroot%\system32\spoolsv.exe,-1
    ErrorControl    REG_DWORD    0x1
    FailureActions    REG_BINARY    100E000000000000000000000300000014000000010000008813000001000000881300000000000000000000
    Group    REG_SZ    SpoolerGroup
    ImagePath    REG_EXPAND_SZ    %SystemRoot%\System32\spoolsv.exe
    ObjectName    REG_SZ    LocalSystem
    RequiredPrivileges    REG_MULTI_SZ    SeTcbPrivilege\0SeImpersonatePrivilege\0SeAuditPrivilege\0SeChangeNotifyPrivilege\0SeAssignPrimaryTokenPrivilege\0SeLoadDriverPrivilege
    ServiceSidType    REG_DWORD    0x1
    Start    REG_SZ    0x2
    Type    REG_DWORD    0x110
    (Default)    REG_SZ

HKEY_LOCAL_MACHINE\SYSTEM\CurrentControlSet\Services\Spooler\Performance
HKEY_LOCAL_MACHINE\SYSTEM\CurrentControlSet\Services\Spooler\Security

C:\Windows\system32>reg add HKLM\SYSTEM\CurrentControlSet\Services\Spooler /v Start /d 0x4
Value Start exists, overwrite(Yes/No)? Yes
The operation completed successfully.

C:\Windows\system32>reg query HKLM\SYSTEM\CurrentControlSet\Services\Spooler

HKEY_LOCAL_MACHINE\SYSTEM\CurrentControlSet\Services\Spooler
    DependOnService    REG_MULTI_SZ    RPCSS\0http
    Description    REG_SZ    @%systemroot%\system32\spoolsv.exe,-2
    DisplayName    REG_SZ    @%systemroot%\system32\spoolsv.exe,-1
    ErrorControl    REG_DWORD    0x1
    FailureActions    REG_BINARY    100E000000000000000000000300000014000000010000008813000001000000881300000000000000000000
    Group    REG_SZ    SpoolerGroup
    ImagePath    REG_EXPAND_SZ    %SystemRoot%\System32\spoolsv.exe
    ObjectName    REG_SZ    LocalSystem
    RequiredPrivileges    REG_MULTI_SZ    SeTcbPrivilege\0SeImpersonatePrivilege\0SeAuditPrivilege\0SeChangeNotifyPrivilege\0SeAssignPrimaryTokenPrivilege\0SeLoadDriverPrivilege
    ServiceSidType    REG_DWORD    0x1
    Start    REG_SZ    0x4
    Type    REG_DWORD    0x110
    (Default)    REG_SZ

HKEY_LOCAL_MACHINE\SYSTEM\CurrentControlSet\Services\Spooler\Performance
HKEY_LOCAL_MACHINE\SYSTEM\CurrentControlSet\Services\Spooler\Security

C:\Windows\system32>C:\SpoolerBak.reg

C:\Windows\system32>reg query HKLM\SYSTEM\CurrentControlSet\Services\Spooler

HKEY_LOCAL_MACHINE\SYSTEM\CurrentControlSet\Services\Spooler
    DependOnService    REG_MULTI_SZ    RPCSS\0http
    Description    REG_SZ    @%systemroot%\system32\spoolsv.exe,-2
    DisplayName    REG_SZ    @%systemroot%\system32\spoolsv.exe,-1
    ErrorControl    REG_DWORD    0x1
    FailureActions    REG_BINARY    100E000000000000000000000300000014000000010000008813000001000000881300000000000000000000
    Group    REG_SZ    SpoolerGroup
    ImagePath    REG_EXPAND_SZ    %SystemRoot%\System32\spoolsv.exe
    ObjectName    REG_SZ    LocalSystem
    RequiredPrivileges    REG_MULTI_SZ    SeTcbPrivilege\0SeImpersonatePrivilege\0SeAuditPrivilege\0SeChangeNotifyPrivilege\0SeAssignPrimaryTokenPrivilege\0SeLoadDriverPrivilege
    ServiceSidType    REG_DWORD    0x1
    Start    REG_DWORD    0x2
    Type    REG_DWORD    0x110
    (Default)    REG_SZ

HKEY_LOCAL_MACHINE\SYSTEM\CurrentControlSet\Services\Spooler\Performance
HKEY_LOCAL_MACHINE\SYSTEM\CurrentControlSet\Services\Spooler\Security

C:\Windows\system32>